#! /usr/bin/vvp
:ivl_version "11.0 (stable)";
:ivl_delay_selection "TYPICAL";
:vpi_time_precision + 0;
:vpi_module "/usr/lib/x86_64-linux-gnu/ivl/system.vpi";
:vpi_module "/usr/lib/x86_64-linux-gnu/ivl/vhdl_sys.vpi";
:vpi_module "/usr/lib/x86_64-linux-gnu/ivl/vhdl_textio.vpi";
:vpi_module "/usr/lib/x86_64-linux-gnu/ivl/v2005_math.vpi";
:vpi_module "/usr/lib/x86_64-linux-gnu/ivl/va_math.vpi";
S_0x562f29623d90 .scope module, "Instruction_Memory" "Instruction_Memory" 2 2;
 .timescale 0 0;
    .port_info 0 /INPUT 32 "A";
    .port_info 1 /OUTPUT 32 "RD";
L_0x562f2966dd90 .functor BUFZ 32, L_0x562f2966dc00, C4<00000000000000000000000000000000>, C4<00000000000000000000000000000000>, C4<00000000000000000000000000000000>;
o0x7ff795f4d048 .functor BUFZ 32, C4<zzzzzzzzzzzzzzzzzzzzzzzzzzzzzzzz>; HiZ drive
v0x562f2966d710_0 .net "A", 31 0, o0x7ff795f4d048;  0 drivers
v0x562f2966d810_0 .net "RD", 31 0, L_0x562f2966dd90;  1 drivers
v0x562f2966d8f0_0 .net *"_ivl_0", 31 0, L_0x562f2966dc00;  1 drivers
v0x562f2966d9b0_0 .net *"_ivl_3", 29 0, L_0x562f2966dca0;  1 drivers
v0x562f2966da90 .array "memory", 20 0, 31 0;
L_0x562f2966dc00 .array/port v0x562f2966da90, L_0x562f2966dca0;
L_0x562f2966dca0 .part o0x7ff795f4d048, 2, 30;
S_0x562f29623f20 .scope begin, "$ivl_for_loop0" "$ivl_for_loop0" 2 12, 2 12 0, S_0x562f29623d90;
 .timescale 0 0;
v0x562f29624100_0 .var/i "i", 31 0;
    .scope S_0x562f29623d90;
T_0 ;
    %fork t_1, S_0x562f29623f20;
    %jmp t_0;
    .scope S_0x562f29623f20;
t_1 ;
    %pushi/vec4 0, 0, 32;
    %store/vec4 v0x562f29624100_0, 0, 32;
T_0.0 ;
    %load/vec4 v0x562f29624100_0;
    %cmpi/s 1024, 0, 32;
    %jmp/0xz T_0.1, 5;
    %pushi/vec4 0, 0, 32;
    %ix/getv/s 4, v0x562f29624100_0;
    %store/vec4a v0x562f2966da90, 4, 0;
    %load/vec4 v0x562f29624100_0;
    %addi 1, 0, 32;
    %store/vec4 v0x562f29624100_0, 0, 32;
    %jmp T_0.0;
T_0.1 ;
    %end;
    .scope S_0x562f29623d90;
t_0 %join;
    %vpi_call 2 14 "$readmemh", "instruction.mem", v0x562f2966da90 {0 0 0};
    %end;
    .thread T_0;
# The file index is used to find the file name in the following table.
:file_names 3;
    "N/A";
    "<interactive>";
    "Instruction_Memory.v";
